[backblue.gif]
[fade.gif]
[index.html]
[mediaget.com/userfiles/images/loc/en/w0.png]
[mediaget.com/js/jquery.js]
[mediaget.com/images/favicon.ico]
[www.google-analytics.com/analytics.js]
[mediaget.com/userfiles/images/flags/flag-british.jpg]
[mediaget.com/userfiles/images/flags/flag-rus.jpg]
[mediaget.com/userfiles/images/flags/flag-spanish.jpg]
[mediaget.com/userfiles/images/flags/flag-france.jpg]
[mediaget.com/userfiles/images/flags/flag-de.jpg]
[mediaget.com/userfiles/images/flags/flag-czech.jpg]
[mediaget.com/userfiles/images/flags/flag_arab.jpg]
[mediaget.com/userfiles/images/flags/flag-turkish.jpg]
[mediaget.com/userfiles/images/flags/flag-portugal.jpg]
[mediaget.com/userfiles/images/flags/flag-malaysian.jpg]
[mediaget.com/userfiles/images/flags/flag_china.jpg]
[mediaget.com/userfiles/images/flags/flag_bulgaria.jpg]
[mediaget.com/userfiles/images/flags/flag_Ukraine.jpg]
[track.rtb-media.ru/pixelA909A0AD6f18.gif]
[mediaget.com/userfiles/images/loc/en/win.png]
[mediaget.com/userfiles/images/loc/en/s1.png]
[mediaget.com/userfiles/images/loc/en/s2.png]
[mediaget.com/images/android/android2.png]
[mediaget.com/images/norton.png]
[mediaget.com/images/nanoav_logo_gorisontal.png]
[platform.twitter.com/widgets.js]
[mediaget.com/js/tiny.js]
[mediaget.com/js/buyc81e.js]
[mediaget.com/js/action.js]
[mediaget.com/js/ajax.js]
[apis.google.com/js/plusone.js]
[mediaget.com/index.html]
[mediaget.com/images/headbg.png]
[mediaget.com/images/logo.png]
[mediaget.com/images/pipka.png]
[mediaget.com/images/win-sha.png]
[mediaget.com/images/slidebg.png]
[mediaget.com/images/leftSliderGrad.png]
[mediaget.com/images/rightSliderGrad.png]
[mediaget.com/images/str.png]
[mediaget.com/images/slider-b.png]
[mediaget.com/images/popybg.png]
[mediaget.com/images/popyclose.png]
[mediaget.com/images/popyshadow.png]
[mediaget.com/images/topIcon/nexter.png]
[mediaget.com/images/botgrad.png]
[mediaget.com/images/backToTopOfPage.png]
[mediaget.com/images/tele.png]
[mediaget.com/images/circ.png]
[mediaget.com/images/faq/man.png]
[mediaget.com/images/faq/green.png]
[mediaget.com/images/faq/back.png]
[mediaget.com/images/faq/nice-kat.png]
[mediaget.com/images/faq/nice-form.png]
[mediaget.com/images/faq/nice-form-bg.png]
[mediaget.com/images/faq/nice-submit.png]
[mediaget.com/images/faq/4x4.png]
[mediaget.com/images/faq/search.png]
[mediaget.com/images/faq/this.png]
[mediaget.com/images/faq/boroda.png]
[mediaget.com/images/vacancy_hot_bg.gif]
[mediaget.com/images/vacancy_salary_bg.gif]
[mediaget.com/images/android/android.png]
[mediaget.com/css/style6b4d.css]
[static.lanet.ua/images/block_ru/services.png]
[static.lanet.ua/images/block_ru/logo.png]
[static.lanet.ua/images/block_ru/185x185_ukrnet.png]
[static.lanet.ua/images/block_ru/185x185_EDisc.png]
[static.lanet.ua/images/block_ru/185x185_Google.png]
[static.lanet.ua/images/block_ru/185x185_Gmail.png]
[static.lanet.ua/images/block_ru/185x185_GoogleDrive.png]
[static.lanet.ua/images/block_ru/185x185_F.png]
[static.lanet.ua/images/block_ru/185x185_Facebook.png]
[static.lanet.ua/images/block_ru/185x185_Zillya.png]
[static.lanet.ua/images/block_ru/185x185_Soundcloud.png]
[static.lanet.ua/images/block_ru/185x185_Deezer.png]
[vkontakte.ru/js/api/sharec20a.html]
[mediaget.com/js/effects.js]
[mediaget.com/images/topIcon/t-i0.png]
[mediaget.com/images/topIcon/t-i1.png]
[mediaget.com/images/topIcon/t-i2.png]
[mediaget.com/images/topIcon/t-i3.png]
[mediaget.com/images/topIcon/t-i4.png]
[mediaget.com/userfiles/images/loc/en/w1.png]
[mediaget.com/userfiles/images/loc/en/w2.png]
[mediaget.com/userfiles/images/loc/en/w3.png]
[mediaget.com/userfiles/images/loc/en/w4.png]
[mediaget.com/introduce.html]
[mediaget.com/js/support8f14.js]
[mediaget.com/images/faq/on1.png]
[mediaget.com/images/faq/on2.png]
[mediaget.com/images/faq/on3.png]
[mediaget.com/images/faq/xa.png]
[mediaget.com/help.html]
[mediaget.com/userfiles/images/loc/ru/w0.png]
[mediaget.com/userfiles/images/loc/ru/win.png]
[mediaget.com/userfiles/images/loc/ru/s1.png]
[mediaget.com/userfiles/images/loc/ru/s2.png]
[mediaget.com/index2139.html]
[mediaget.com/userfiles/images/loc/es/win.png]
[mediaget.com/userfiles/images/loc/es/s1.png]
[mediaget.com/userfiles/images/loc/es/s3.png]
[mediaget.com/indexc69a.html]
[mediaget.com/userfiles/images/loc/it/win.png]
[mediaget.com/userfiles/images/loc/it/s1.png]
[mediaget.com/userfiles/images/loc/it/s2.png]
[mediaget.com/indexcf53.html]
[mediaget.com/userfiles/images/flags/flag-italian.jpg]
[mediaget.com/userfiles/images/loc/fr/win.png]
[mediaget.com/userfiles/images/loc/fr/s1.png]
[mediaget.com/userfiles/images/loc/fr/s3.png]
[mediaget.com/indexe68f.html]
[mediaget.com/userfiles/images/loc/de/s1.png]
[mediaget.com/userfiles/images/loc/de/s3.png]
[mediaget.com/index3322.html]
[mediaget.com/userfiles/images/loc/cz/win.png]
[mediaget.com/userfiles/images/loc/cz/s1.png]
[mediaget.com/userfiles/images/loc/cz/s3.png]
[mediaget.com/index2fa9.html]
[mediaget.com/userfiles/images/loc/ae/win.png]
[mediaget.com/userfiles/images/loc/ae/s1.png]
[mediaget.com/userfiles/images/loc/ae/s2.png]
[mediaget.com/indexe0cd.html]
[mediaget.com/userfiles/images/loc/tr/win.png]
[mediaget.com/userfiles/images/loc/tr/s1.png]
[mediaget.com/userfiles/images/loc/tr/s2.png]
[mediaget.com/index2296.html]
[mediaget.com/userfiles/images/loc/my/s1.png]
[mediaget.com/userfiles/images/loc/my/s2.png]
[mediaget.com/index5e26.html]
[mediaget.com/userfiles/images/loc/cn/win.png]
[mediaget.com/userfiles/images/loc/cn/s2.png]
[mediaget.com/userfiles/images/loc/cn/s3.png]
[mediaget.com/indexdb38.html]
[mediaget.com/userfiles/images/loc/bg/s1.png]
[mediaget.com/userfiles/images/loc/bg/s2.png]
[mediaget.com/index1f03.html]
[mediaget.com/userfiles/images/loc/ua/win.png]
[mediaget.com/userfiles/images/loc/ua/s2.png]
[mediaget.com/userfiles/images/loc/ua/s3.png]
[mediaget.com/index0873.html]
[mediaget.com/userfiles/images/loc/en/s3.png]
[cdn.connect.mail.ru/js/loader.html]
[mediaget.com/404.html]
[mediaget.com/404ce51.html]
[mediaget.com/images/newsDivButton.png]
[mediaget.com/news.html]
[mediaget.com/images/backToNewsHref.png]
[mediaget.com/privacy.html]
[mediaget.com/license.html]
[mediaget.com/faq.html]
[mediaget.com/js/jquery.form.js]
[mediaget.com/support.html]
[stg.odnoklassniki.ru/share/odkl_share.html]
[mediaget.com/images/android/android.png]
[mediaget.com/userfiles/images/loc/ru/w1.png]
[mediaget.com/userfiles/images/loc/ru/w2.png]
[mediaget.com/userfiles/images/loc/ru/w4.png]
[mediaget.com/introduce2139.html]
[mediaget.com/userfiles/images/loc/es/w0.png]
[mediaget.com/userfiles/images/loc/es/w3.png]
[mediaget.com/userfiles/images/loc/es/w4.png]
[mediaget.com/introducec69a.html]
[mediaget.com/userfiles/images/loc/it/w0.png]
[mediaget.com/userfiles/images/loc/it/w2.png]
[mediaget.com/userfiles/images/loc/it/w4.png]
[mediaget.com/introducecf53.html]
[mediaget.com/userfiles/images/loc/fr/w0.png]
[mediaget.com/userfiles/images/loc/fr/w1.png]
[mediaget.com/userfiles/images/loc/fr/w3.png]
[mediaget.com/introducee68f.html]
[mediaget.com/userfiles/images/loc/de/w0.png]
[mediaget.com/userfiles/images/loc/de/w1.png]
[mediaget.com/userfiles/images/loc/de/w2.png]
[mediaget.com/userfiles/images/loc/de/w4.png]
[mediaget.com/introduce3322.html]
[mediaget.com/userfiles/images/loc/cz/w0.png]
[mediaget.com/userfiles/images/loc/cz/w2.png]
[mediaget.com/userfiles/images/loc/cz/w3.png]
[mediaget.com/userfiles/images/loc/cz/w5.png]
[mediaget.com/introduce2fa9.html]
[mediaget.com/userfiles/images/loc/ae/w1.png]
[mediaget.com/userfiles/images/loc/ae/w3.png]
[mediaget.com/userfiles/images/loc/ae/w5.png]
[mediaget.com/introducee0cd.html]
[mediaget.com/userfiles/images/loc/tr/w1.png]
[mediaget.com/userfiles/images/loc/tr/w3.png]
[mediaget.com/userfiles/images/loc/tr/w5.png]
[mediaget.com/introduce2296.html]
[mediaget.com/userfiles/images/loc/pt/w2.png]
[mediaget.com/userfiles/images/loc/pt/w3.png]
[mediaget.com/userfiles/images/loc/pt/w4.png]
[mediaget.com/introduce923c.html]
[mediaget.com/userfiles/images/loc/my/w0.png]
[mediaget.com/userfiles/images/loc/my/w2.png]
[mediaget.com/userfiles/images/loc/my/w4.png]
[mediaget.com/introduce5e26.html]
[mediaget.com/userfiles/images/loc/cn/w0.png]
[mediaget.com/userfiles/images/loc/cn/w2.png]
[mediaget.com/userfiles/images/loc/cn/w4.png]
[mediaget.com/introducedb38.html]
[mediaget.com/userfiles/images/loc/bg/w0.png]
[mediaget.com/userfiles/images/loc/bg/w1.png]
[mediaget.com/userfiles/images/loc/bg/w3.png]
[mediaget.com/userfiles/images/loc/bg/w4.png]
[mediaget.com/introduce1f03.html]
[mediaget.com/userfiles/images/loc/ua/w1.png]
[mediaget.com/userfiles/images/loc/ua/w2.png]
[mediaget.com/userfiles/images/loc/ua/w3.png]
[mediaget.com/userfiles/images/loc/ua/w5.png]
[mediaget.com/introduce0873.html]
[mediaget.com/help2139.html]
[mediaget.com/helpcf53.html]
[mediaget.com/helpe68f.html]
[mediaget.com/help3322.html]
[mediaget.com/help2fa9.html]
[mediaget.com/helpe0cd.html]
[mediaget.com/help923c.html]
[mediaget.com/help5e26.html]
[mediaget.com/helpdb38.html]
[mediaget.com/help1f03.html]
[mediaget.com/help0873.html]
[mediaget.com/index9ed2.html]
[connect.facebook.net/ru_RU/all.js]
[mediaget.com/news/70-mediaget-i-antivirusy.html]
[media-get.com/tinymce/jscripts/tiny_mce/plugins/emotions/img/smiley-smile.gif]
[mediaget.com/partnership.html]
[mediaget.com/userfiles/images/loc/es/s2.png]
[mediaget.com/userfiles/images/loc/it/s3.png]
[mediaget.com/userfiles/images/loc/fr/s2.png]
[mediaget.com/userfiles/images/loc/de/win.png]
[mediaget.com/userfiles/images/loc/de/s2.png]
[mediaget.com/userfiles/images/loc/ae/s3.png]
[mediaget.com/userfiles/images/loc/tr/s3.png]
[mediaget.com/userfiles/images/loc/pt/s1.png]
[mediaget.com/userfiles/images/loc/pt/s3.png]
[mediaget.com/index923c.html]
[mediaget.com/userfiles/images/loc/my/win.png]
[mediaget.com/userfiles/images/loc/my/s3.png]
[mediaget.com/userfiles/images/loc/cn/s1.png]
[mediaget.com/userfiles/images/loc/bg/win.png]
[mediaget.com/userfiles/images/loc/bg/s3.png]
[mediaget.com/userfiles/images/loc/en/s3.png]
[mediaget.com/4049ed2.html]
[mediaget.com/404c69a.html]
[mediaget.com/404cf53.html]
[mediaget.com/404e68f.html]
[mediaget.com/4043322.html]
[mediaget.com/4042fa9.html]
[mediaget.com/404e0cd.html]
[mediaget.com/4042296.html]
[mediaget.com/404923c.html]
[mediaget.com/4045e26.html]
[mediaget.com/404db38.html]
[mediaget.com/4041f03.html]
[mediaget.com/news2139.html]
[mediaget.com/news9ed2.html]
[mediaget.com/newsc69a.html]
[mediaget.com/newscf53.html]
[mediaget.com/newse68f.html]
[mediaget.com/news3322.html]
[mediaget.com/news2fa9.html]
[mediaget.com/newse0cd.html]
[mediaget.com/news2296.html]
[mediaget.com/news923c.html]
[mediaget.com/news5e26.html]
[mediaget.com/newsdb38.html]
[mediaget.com/news1f03.html]
[mediaget.com/news/219-teper-nash-sajt-dostupnij-na-ukranskij-mov.html]
[mediaget.com/newsde48.html]
[mediaget.com/privacy2139.html]
[mediaget.com/privacy9ed2.html]
[mediaget.com/privacyc69a.html]
[mediaget.com/privacycf53.html]
[mediaget.com/privacye68f.html]
[mediaget.com/privacy3322.html]
[mediaget.com/privacy2fa9.html]
[mediaget.com/privacye0cd.html]
[mediaget.com/privacy2296.html]
[mediaget.com/privacy923c.html]
[mediaget.com/privacy5e26.html]
[mediaget.com/privacydb38.html]
[mediaget.com/privacy1f03.html]
[mediaget.com/about]
[mediaget.com/license2139.html]
[mediaget.com/license9ed2.html]
[mediaget.com/licensec69a.html]
[mediaget.com/licensecf53.html]
[mediaget.com/licensee68f.html]
[mediaget.com/license3322.html]
[mediaget.com/license2fa9.html]
[mediaget.com/licensee0cd.html]
[mediaget.com/license2296.html]
[mediaget.com/license923c.html]
[mediaget.com/license5e26.html]
[mediaget.com/licensedb38.html]
[mediaget.com/license1f03.html]
[mediaget.com/userfiles/images/screens/4.jpg]
[mediaget.com/userfiles/images/News/ydalit.png]
[mediaget.com/userfiles/images/News/56_off.jpg]
[mediaget.com/userfiles/images/News/torrent.png]
[mediaget.com/userfiles/images/News/zapusk_win.png]
[mediaget.com/faq2139.html]
[mediaget.com/faq9ed2.html]
[mediaget.com/faqc69a.html]
[mediaget.com/faq3322.html]
[mediaget.com/faqe0cd.html]
[mediaget.com/faq923c.html]
[mediaget.com/faq5e26.html]
[mediaget.com/faqdb38.html]
[mediaget.com/faq1f03.html]
[mediaget.com/support2139.html]
[mediaget.com/captcha/securimage/securimage_show6bbd.png]
[mediaget.com/supportc69a.html]
[mediaget.com/supportcf53.html]
[mediaget.com/supporte68f.html]
[mediaget.com/support3322.html]
[mediaget.com/support2fa9.html]
[mediaget.com/supporte0cd.html]
[mediaget.com/support2296.html]
[mediaget.com/support923c.html]
[mediaget.com/support5e26.html]
[mediaget.com/supportdb38.html]
[mediaget.com/support1f03.html]
[mediaget.com/userfiles/images/loc/ru/w3.png]
[mediaget.com/userfiles/images/loc/ru/w5.png]
[mediaget.com/userfiles/images/loc/es/w1.png]
[mediaget.com/userfiles/images/loc/es/w2.png]
[mediaget.com/userfiles/images/loc/es/w5.png]
[mediaget.com/userfiles/images/loc/it/w3.png]
[mediaget.com/userfiles/images/loc/fr/w2.png]
[mediaget.com/userfiles/images/loc/de/w3.png]
[mediaget.com/userfiles/images/loc/de/w5.png]
[mediaget.com/userfiles/images/loc/cz/w4.png]
[mediaget.com/userfiles/images/loc/ae/w2.png]
[mediaget.com/userfiles/images/loc/tr/w0.png]
[mediaget.com/userfiles/images/loc/tr/w4.png]
[mediaget.com/userfiles/images/loc/pt/w1.png]
[mediaget.com/userfiles/images/loc/my/w1.png]
[mediaget.com/userfiles/images/loc/my/w5.png]
[mediaget.com/userfiles/images/loc/cn/w3.png]
[mediaget.com/userfiles/images/loc/bg/w2.png]
[mediaget.com/userfiles/images/loc/ua/w0.png]
[mediaget.com/userfiles/images/loc/ua/w4.png]
[mediaget.com/help9ed2.html]
[mediaget.com/helpc69a]
[mediaget.com/help2296]
[mediaget.com/userfiles/images/loc/ru/s3.png]
[mediaget.com/news/70-mediaget-i-antivirusyc69a.html]
[mediaget.com/news/70-mediaget-i-antivirusycf53.html]
[mediaget.com/news/70-mediaget-i-antivirusye68f.html]
[mediaget.com/news/70-mediaget-i-antivirusy3322.html]
[mediaget.com/news/70-mediaget-i-antivirusy2fa9.html]
[mediaget.com/news/70-mediaget-i-antivirusye0cd.html]
[mediaget.com/news/70-mediaget-i-antivirusy2296.html]
[mediaget.com/news/70-mediaget-i-antivirusy923c.html]
[mediaget.com/news/70-mediaget-i-antivirusy5e26.html]
[mediaget.com/news/70-mediaget-i-antivirusydb38.html]
[mediaget.com/news/70-mediaget-i-antivirusy1f03.html]
[mediaget.com/news/70-mediaget-i-antivirusy0873.html]
[connect.facebook.net/ru_RU/all.js]
[mediaget.com/news/97-update-v-2012104.html]
[mediaget.com/news/96-a-new-version-of-mediaget.html]
[mediaget.com/news/92-update-v-2011952.html]
[mediaget.com/news/58-major-update-2011445.html]
[mediaget.com/news2d04.html]
[mediaget.com/newsd20b.html]
[mediaget.com/newsaacd.html]
[mediaget.com/news1c48.html]
[mediaget.com/holders]
[mediaget.com/partnership2139.html]
[mediaget.com/partnershipc69a.html]
[mediaget.com/partnershipcf53.html]
[mediaget.com/partnershipe68f.html]
[mediaget.com/partnership3322.html]
[mediaget.com/partnership2fa9.html]
[mediaget.com/partnershipe0cd.html]
[mediaget.com/partnership2296.html]
[mediaget.com/partnership923c.html]
[mediaget.com/partnership5e26.html]
[mediaget.com/partnership1f03.html]
[mediaget.com/partnership0873.html]
[mediaget.com/userfiles/images/loc/pt/s2.png]
[mediaget.com/userfiles/images/loc/ua/s1.png]
[mediaget.com/news/242-mediaget--antivrusi]
[mediaget.com/4042139]
[mediaget.com/4040873.html]
[mediaget.com/news0873.html]
[mediaget.com/news/246-podpiski-v-mediaget.html]
[admin.mediaget.com/userfiles/images/News/KFZ74EB.jpg]
[admin.mediaget.com/userfiles/images/News/podborki_new.jpg]
[mediaget.com/news/245-izmeneniya-v-razdele-quotpodborki-filmovquot.html]
[mediaget.com/userfiles/images/News/interview_pic.jpg]
[mediaget.com/userfiles/images/News/download1.png]
[mediaget.com/news/241-onlajn-serialy-v-mediaget.html]
[mediaget.com/userfiles/files/event pic(1).jpg]
[mediaget.com/userfiles/files/MG_eventl botton.jpg]
[mediaget.com/news/240-akciya.html]
[mediaget.com/news/218-vyshla-svezhaya-versiya.html]
[mediaget.com/userfiles/files/MG-GP-announce_small.jpg]
[mediaget.com/news/217-mediaget-v-google-play.html]
[mediaget.com/news580a.html]
[mediaget.com/news2495.html]
[mediaget.com/news/33-das-release-von-mediaget-201-hat-stattgefunden.html]
[mediaget.com/news/34-mediaget-20.html]
[mediaget.com/news/35-unsere-seite-hat-eine-neue-gestaltung.html]
[mediaget.com/news/45-update-mediaget-201577.html]
[mediaget.com/news/47-vydn-mediaget-201-pro-mac.html]
[mediaget.com/news/48-oteven-zkouky-doplky-mediaget-pro-android.html]
[mediaget.com/news/49-mediaget-201-vydn-dolo.html]
[mediaget.com/news/50-mediaget-20.html]
[mediaget.com/news/51-nae-webov-strnky-nov-design.html]
[mediaget.com/news/52-update-112077.html]
[mediaget.com/news/112-selamat-kembali.html]
[mediaget.com/news/219-teper-nash-sajt-dostupnij-na-ukranskij-mov2139.html]
[mediaget.com/news/219-teper-nash-sajt-dostupnij-na-ukranskij-mov9ed2.html]
[mediaget.com/news/219-teper-nash-sajt-dostupnij-na-ukranskij-movc69a.html]
[mediaget.com/news/219-teper-nash-sajt-dostupnij-na-ukranskij-movcf53.html]
[mediaget.com/news/219-teper-nash-sajt-dostupnij-na-ukranskij-move68f.html]
[mediaget.com/news/219-teper-nash-sajt-dostupnij-na-ukranskij-mov2fa9.html]
[mediaget.com/news/219-teper-nash-sajt-dostupnij-na-ukranskij-move0cd.html]
[mediaget.com/news/219-teper-nash-sajt-dostupnij-na-ukranskij-mov2296.html]
[mediaget.com/news/219-teper-nash-sajt-dostupnij-na-ukranskij-mov923c.html]
[mediaget.com/news/219-teper-nash-sajt-dostupnij-na-ukranskij-mov5e26.html]
[mediaget.com/news/219-teper-nash-sajt-dostupnij-na-ukranskij-mov0873.html]
[mediaget.com/privacy0873.html]
[mediaget.com/about2139.html]
[mediaget.com/aboutc69a.html]
[mediaget.com/aboute68f.html]
[mediaget.com/about3322.html]
[mediaget.com/about2fa9.html]
[mediaget.com/aboute0cd.html]
[mediaget.com/about2296.html]
[mediaget.com/about923c.html]
[mediaget.com/about5e26.html]
[mediaget.com/aboutdb38.html]
[mediaget.com/about0873.html]
[mediaget.com/license0873.html]
[mediaget.com/faq0873.html]
[mediaget.com/avginst.html]
[mediaget.com/avirainst.html]
[mediaget.com/comodoinst.html]
[mediaget.com/drwebinst.html]
[mediaget.com/nod32inst.html]
[mediaget.com/kisinst.html]
[mediaget.com/mcafeeinst.html]
[mediaget.com/mseinst.html]
[mediaget.com/nortoninst.html]
[mediaget.com/tmtinst.html]
[mediaget.com/zonealarminst.html]
[mediaget.com/half_open_limit_fix_4.2.exe]
[mediaget.com/patch9ed2.html]
[mediaget.com/patchc69a.html]
[mediaget.com/faqe68f]
[mediaget.com/faq2fa9]
[mediaget.com/patche0cd.html]
[mediaget.com/faq2296]
[mediaget.com/support0873.html]
[display.intencysrv.com/match/http_/track.rtb-media.ru/cnysINTddef.gif]
[mediaget.com/introduce9ed2]
[mediaget.com/userfiles/images/loc/it/w1.png]
[mediaget.com/userfiles/images/loc/it/w5.png]
[mediaget.com/userfiles/images/loc/fr/w4.png]
[mediaget.com/userfiles/images/loc/cz/w1.png]
[mediaget.com/userfiles/images/loc/ae/w4.png]
[mediaget.com/userfiles/images/loc/pt/w0.png]
[mediaget.com/userfiles/images/loc/my/w3.png]
[mediaget.com/userfiles/images/loc/cn/w5.png]
[mediaget.com/userfiles/images/loc/bg/w5.png]
[mediaget.com/userfiles/images/loc/en/w5.png]
[mediaget.com/news/70-mediaget-i-antivirusy2139]
[mediaget.com/mgav.html]
[mediaget.com/news/97-update-v-20121042139.html]
[mediaget.com/news/97-update-v-2012104c69a.html]
[mediaget.com/news/97-update-v-2012104cf53.html]
[mediaget.com/news/97-update-v-2012104e68f.html]
[mediaget.com/news/97-update-v-20121043322.html]
[mediaget.com/news/97-update-v-20121042fa9.html]
[mediaget.com/news/97-update-v-2012104e0cd.html]
[mediaget.com/news/97-update-v-20121042296.html]
[mediaget.com/news/97-update-v-2012104923c.html]
[mediaget.com/news/97-update-v-20121045e26.html]
[mediaget.com/news/97-update-v-2012104db38.html]
[mediaget.com/news/97-update-v-20121041f03.html]
[mediaget.com/news/96-a-new-version-of-mediaget2139.html]
[mediaget.com/news/96-a-new-version-of-mediaget9ed2.html]
[mediaget.com/news/96-a-new-version-of-mediagetc69a.html]
[mediaget.com/news/96-a-new-version-of-mediagetcf53.html]
[mediaget.com/news/96-a-new-version-of-mediagete68f.html]
[mediaget.com/news/96-a-new-version-of-mediaget3322.html]
[mediaget.com/news/96-a-new-version-of-mediaget2fa9.html]
[mediaget.com/news/96-a-new-version-of-mediagete0cd.html]
[mediaget.com/news/96-a-new-version-of-mediaget2296.html]
[mediaget.com/news/96-a-new-version-of-mediaget923c.html]
[mediaget.com/news/96-a-new-version-of-mediaget5e26.html]
[mediaget.com/news/96-a-new-version-of-mediagetdb38.html]
[mediaget.com/news/96-a-new-version-of-mediaget1f03.html]
[mediaget.com/news/92-update-v-20119522139.html]
[mediaget.com/news/92-update-v-20119529ed2.html]
[mediaget.com/news/92-update-v-2011952c69a.html]
[mediaget.com/news/92-update-v-2011952cf53.html]
[mediaget.com/news/92-update-v-2011952e68f.html]
[mediaget.com/news/92-update-v-20119523322.html]
[mediaget.com/news/92-update-v-20119522fa9.html]
[mediaget.com/news/92-update-v-2011952e0cd.html]
[mediaget.com/news/92-update-v-20119522296.html]
[mediaget.com/news/92-update-v-2011952923c.html]
[mediaget.com/news/92-update-v-20119525e26.html]
[mediaget.com/news/92-update-v-2011952db38.html]
[mediaget.com/news/92-update-v-20119521f03.html]
[mediaget.com/news/58-major-update-20114452139.html]
[mediaget.com/news/58-major-update-20114459ed2.html]
[mediaget.com/news/58-major-update-2011445c69a.html]
[mediaget.com/news/58-major-update-2011445cf53.html]
[mediaget.com/news/58-major-update-2011445e68f.html]
[mediaget.com/news/58-major-update-20114453322.html]
[mediaget.com/news/58-major-update-20114452fa9.html]
[mediaget.com/news/58-major-update-2011445e0cd.html]
[mediaget.com/news/58-major-update-20114452296.html]
[mediaget.com/news/58-major-update-2011445923c.html]
[mediaget.com/news/58-major-update-20114455e26.html]
[mediaget.com/news/58-major-update-2011445db38.html]
[mediaget.com/news/58-major-update-20114451f03.html]
[mediaget.com/partnership9ed2.html]
[mediaget.com/patch]
[mediaget.com/userfiles/images/loc/cz/s2.png]
[mediaget.com/userfiles/images/loc/pt/win.png]
[mediaget.com/news/242-mediaget--antivrusi2139.html]
[mediaget.com/news/242-mediaget--antivrusi9ed2.html]
[mediaget.com/news/242-mediaget--antivrusic69a.html]
[mediaget.com/news/242-mediaget--antivrusicf53.html]
[mediaget.com/news/242-mediaget--antivrusie68f.html]
[mediaget.com/news/242-mediaget--antivrusi3322.html]
[mediaget.com/news/242-mediaget--antivrusi2fa9.html]
[mediaget.com/news/242-mediaget--antivrusie0cd.html]
[mediaget.com/news/242-mediaget--antivrusi2296.html]
[mediaget.com/news/242-mediaget--antivrusi923c.html]
[mediaget.com/news/242-mediaget--antivrusi5e26.html]
[mediaget.com/news/242-mediaget--antivrusidb38.html]
[mediaget.com/news/242-mediaget--antivrusi1f03.html]
[mediaget.com/news/246-podpiski-v-mediaget2139.html]
[mediaget.com/news/246-podpiski-v-mediaget9ed2.html]
[mediaget.com/news/246-podpiski-v-mediagetc69a.html]
[mediaget.com/news/246-podpiski-v-mediagetcf53.html]
[mediaget.com/news/246-podpiski-v-mediagete68f.html]
[mediaget.com/news/246-podpiski-v-mediaget3322.html]
[mediaget.com/news/246-podpiski-v-mediaget2fa9.html]
[mediaget.com/news/246-podpiski-v-mediagete0cd.html]
[mediaget.com/news/246-podpiski-v-mediaget2296.html]
[mediaget.com/news/246-podpiski-v-mediaget923c.html]
[mediaget.com/news/246-podpiski-v-mediaget5e26.html]
[mediaget.com/news/246-podpiski-v-mediagetdb38.html]
[mediaget.com/news/246-podpiski-v-mediaget1f03.html]
[mediaget.com/news/245-izmeneniya-v-razdele-quotpodborki-filmovquot2139.html]
[mediaget.com/news/245-izmeneniya-v-razdele-quotpodborki-filmovquot9ed2.html]
[mediaget.com/news/245-izmeneniya-v-razdele-quotpodborki-filmovquotc69a.html]
[mediaget.com/news/245-izmeneniya-v-razdele-quotpodborki-filmovquotcf53.html]
[mediaget.com/news/245-izmeneniya-v-razdele-quotpodborki-filmovquote68f.html]
[mediaget.com/news/245-izmeneniya-v-razdele-quotpodborki-filmovquot3322.html]
[mediaget.com/news/245-izmeneniya-v-razdele-quotpodborki-filmovquot2fa9.html]
[mediaget.com/news/245-izmeneniya-v-razdele-quotpodborki-filmovquote0cd.html]
[mediaget.com/news/245-izmeneniya-v-razdele-quotpodborki-filmovquot2296.html]
[mediaget.com/news/245-izmeneniya-v-razdele-quotpodborki-filmovquot923c.html]
[mediaget.com/news/245-izmeneniya-v-razdele-quotpodborki-filmovquot5e26.html]
[mediaget.com/news/245-izmeneniya-v-razdele-quotpodborki-filmovquotdb38.html]
[mediaget.com/news/245-izmeneniya-v-razdele-quotpodborki-filmovquot1f03.html]
[admin.mediaget.com/userfiles/images/News/podborki_new.jpg]
[mediaget.com/news/241-onlajn-serialy-v-mediaget2139.html]
[mediaget.com/news/241-onlajn-serialy-v-mediaget9ed2.html]
[mediaget.com/news/241-onlajn-serialy-v-mediagetc69a.html]
[mediaget.com/news/241-onlajn-serialy-v-mediagetcf53.html]
[mediaget.com/news/241-onlajn-serialy-v-mediagete68f.html]
[mediaget.com/news/241-onlajn-serialy-v-mediaget3322.html]
[mediaget.com/news/241-onlajn-serialy-v-mediaget2fa9.html]
[mediaget.com/news/241-onlajn-serialy-v-mediagete0cd.html]
[mediaget.com/news/241-onlajn-serialy-v-mediaget2296.html]
[mediaget.com/news/241-onlajn-serialy-v-mediaget923c.html]
[mediaget.com/news/241-onlajn-serialy-v-mediaget5e26.html]
[mediaget.com/news/241-onlajn-serialy-v-mediagetdb38.html]
[mediaget.com/news/241-onlajn-serialy-v-mediaget1f03.html]
[mediaget.com/news/240-akciya2139.html]
[mediaget.com/news/240-akciya9ed2.html]
[mediaget.com/news/240-akciyac69a.html]
[mediaget.com/news/240-akciyacf53.html]
[mediaget.com/news/240-akciyae68f.html]
[mediaget.com/news/240-akciya3322.html]
[mediaget.com/news/240-akciya2fa9.html]
[mediaget.com/news/240-akciyae0cd.html]
[mediaget.com/news/240-akciya2296.html]
[mediaget.com/news/240-akciya923c.html]
[mediaget.com/news/240-akciya5e26.html]
[mediaget.com/news/240-akciyadb38.html]
[mediaget.com/news/240-akciya1f03.html]
[mediaget.com/userfiles/files/event pic(1).jpg]
[mediaget.com/news/218-vyshla-svezhaya-versiya2139.html]
[mediaget.com/news/218-vyshla-svezhaya-versiya9ed2.html]
[mediaget.com/news/218-vyshla-svezhaya-versiyac69a.html]
[mediaget.com/news/218-vyshla-svezhaya-versiyacf53.html]
[mediaget.com/news/218-vyshla-svezhaya-versiyae68f.html]
[mediaget.com/news/218-vyshla-svezhaya-versiya2fa9.html]
[mediaget.com/news/218-vyshla-svezhaya-versiyae0cd.html]
[mediaget.com/news/218-vyshla-svezhaya-versiya2296.html]
[mediaget.com/news/218-vyshla-svezhaya-versiya923c.html]
[mediaget.com/news/218-vyshla-svezhaya-versiya5e26.html]
[mediaget.com/news/218-vyshla-svezhaya-versiyadb38.html]
[mediaget.com/news/218-vyshla-svezhaya-versiya1f03.html]
[mediaget.com/news/217-mediaget-v-google-play2139.html]
[mediaget.com/news/217-mediaget-v-google-play9ed2.html]
[mediaget.com/news/217-mediaget-v-google-playc69a.html]
[mediaget.com/news/217-mediaget-v-google-playcf53.html]
[mediaget.com/news/217-mediaget-v-google-playe68f.html]
[mediaget.com/news/217-mediaget-v-google-play3322.html]
[mediaget.com/news/217-mediaget-v-google-play2fa9.html]
[mediaget.com/news/217-mediaget-v-google-playe0cd.html]
[mediaget.com/news/217-mediaget-v-google-play2296.html]
[mediaget.com/news/217-mediaget-v-google-play923c.html]
[mediaget.com/news/217-mediaget-v-google-play5e26.html]
[mediaget.com/news/217-mediaget-v-google-playdb38.html]
[mediaget.com/news/217-mediaget-v-google-play1f03.html]
[mediaget.com/news/33-das-release-von-mediaget-201-hat-stattgefunden2139.html]
[mediaget.com/news/33-das-release-von-mediaget-201-hat-stattgefunden9ed2.html]
[mediaget.com/news/33-das-release-von-mediaget-201-hat-stattgefundenc69a.html]
[mediaget.com/news/33-das-release-von-mediaget-201-hat-stattgefundencf53.html]
[mediaget.com/news/33-das-release-von-mediaget-201-hat-stattgefundene68f.html]
[mediaget.com/news/33-das-release-von-mediaget-201-hat-stattgefunden3322.html]
[mediaget.com/news/33-das-release-von-mediaget-201-hat-stattgefunden2fa9.html]
[mediaget.com/news/33-das-release-von-mediaget-201-hat-stattgefundene0cd.html]
[mediaget.com/news/33-das-release-von-mediaget-201-hat-stattgefunden2296.html]
[mediaget.com/news/33-das-release-von-mediaget-201-hat-stattgefunden923c.html]
[mediaget.com/news/33-das-release-von-mediaget-201-hat-stattgefunden5e26.html]
[mediaget.com/news/33-das-release-von-mediaget-201-hat-stattgefundendb38.html]
[mediaget.com/news/33-das-release-von-mediaget-201-hat-stattgefunden1f03.html]
[mediaget.com/news/34-mediaget-202139.html]
[mediaget.com/news/34-mediaget-20c69a.html]
[mediaget.com/news/34-mediaget-20cf53.html]
[mediaget.com/news/34-mediaget-20e68f.html]
[mediaget.com/news/34-mediaget-203322.html]
[mediaget.com/news/34-mediaget-202fa9.html]
[mediaget.com/news/34-mediaget-20e0cd.html]
[mediaget.com/news/34-mediaget-202296.html]
[mediaget.com/news/34-mediaget-20923c.html]
[mediaget.com/news/34-mediaget-205e26.html]
[mediaget.com/news/34-mediaget-20db38.html]
[mediaget.com/news/34-mediaget-201f03.html]
[mediaget.com/news/35-unsere-seite-hat-eine-neue-gestaltung2139.html]
[mediaget.com/news/35-unsere-seite-hat-eine-neue-gestaltung9ed2.html]
[mediaget.com/news/35-unsere-seite-hat-eine-neue-gestaltungc69a.html]
[mediaget.com/news/35-unsere-seite-hat-eine-neue-gestaltungcf53.html]
[mediaget.com/news/35-unsere-seite-hat-eine-neue-gestaltunge68f.html]
[mediaget.com/news/35-unsere-seite-hat-eine-neue-gestaltung3322.html]
[mediaget.com/news/35-unsere-seite-hat-eine-neue-gestaltung2fa9.html]
[mediaget.com/news/35-unsere-seite-hat-eine-neue-gestaltunge0cd.html]
[mediaget.com/news/35-unsere-seite-hat-eine-neue-gestaltung2296.html]
[mediaget.com/news/35-unsere-seite-hat-eine-neue-gestaltung923c.html]
[mediaget.com/news/35-unsere-seite-hat-eine-neue-gestaltung5e26.html]
[mediaget.com/news/35-unsere-seite-hat-eine-neue-gestaltungdb38.html]
[mediaget.com/news/35-unsere-seite-hat-eine-neue-gestaltung1f03.html]
[mediaget.com/news/36-aktualisierung-112077]
[mediaget.com/news/45-update-mediaget-2015772139.html]
[mediaget.com/news/45-update-mediaget-2015779ed2.html]
[mediaget.com/news/45-update-mediaget-201577c69a.html]
[mediaget.com/news/45-update-mediaget-201577cf53.html]
[mediaget.com/news/45-update-mediaget-201577e68f.html]
[mediaget.com/news/45-update-mediaget-2015773322.html]
[mediaget.com/news/45-update-mediaget-2015772fa9.html]
[mediaget.com/news/45-update-mediaget-201577e0cd.html]
[mediaget.com/news/45-update-mediaget-2015772296.html]
[mediaget.com/news/45-update-mediaget-201577923c.html]
[mediaget.com/news/45-update-mediaget-2015775e26.html]
[mediaget.com/news/45-update-mediaget-201577db38.html]
[mediaget.com/news/45-update-mediaget-2015771f03.html]
[mediaget.com/news/47-vydn-mediaget-201-pro-mac2139.html]
[mediaget.com/news/47-vydn-mediaget-201-pro-mac9ed2.html]
[mediaget.com/news/47-vydn-mediaget-201-pro-macc69a.html]
[mediaget.com/news/47-vydn-mediaget-201-pro-maccf53.html]
[mediaget.com/news/47-vydn-mediaget-201-pro-mace68f.html]
[mediaget.com/news/47-vydn-mediaget-201-pro-mac3322.html]
[mediaget.com/news/47-vydn-mediaget-201-pro-mac2fa9.html]
[mediaget.com/news/47-vydn-mediaget-201-pro-mace0cd.html]
[mediaget.com/news/47-vydn-mediaget-201-pro-mac2296.html]
[mediaget.com/news/47-vydn-mediaget-201-pro-mac923c.html]
[mediaget.com/news/47-vydn-mediaget-201-pro-mac5e26.html]
[mediaget.com/news/47-vydn-mediaget-201-pro-macdb38.html]
[mediaget.com/news/47-vydn-mediaget-201-pro-mac1f03.html]
[mediaget.com/news/48-oteven-zkouky-doplky-mediaget-pro-android2139.html]
[mediaget.com/news/48-oteven-zkouky-doplky-mediaget-pro-android9ed2.html]
[mediaget.com/news/48-oteven-zkouky-doplky-mediaget-pro-androidc69a.html]
[mediaget.com/news/48-oteven-zkouky-doplky-mediaget-pro-androidcf53.html]
[mediaget.com/news/48-oteven-zkouky-doplky-mediaget-pro-androide68f.html]
[mediaget.com/news/48-oteven-zkouky-doplky-mediaget-pro-android3322.html]
[mediaget.com/news/48-oteven-zkouky-doplky-mediaget-pro-android2fa9.html]
[mediaget.com/news/48-oteven-zkouky-doplky-mediaget-pro-androide0cd.html]
[mediaget.com/news/48-oteven-zkouky-doplky-mediaget-pro-android2296.html]
[mediaget.com/news/48-oteven-zkouky-doplky-mediaget-pro-android923c.html]
[mediaget.com/news/48-oteven-zkouky-doplky-mediaget-pro-android5e26.html]
[mediaget.com/news/48-oteven-zkouky-doplky-mediaget-pro-androiddb38.html]
[mediaget.com/news/48-oteven-zkouky-doplky-mediaget-pro-android1f03.html]
[mediaget.com/news/49-mediaget-201-vydn-dolo2139.html]
[mediaget.com/news/49-mediaget-201-vydn-dolo9ed2.html]
[mediaget.com/news/49-mediaget-201-vydn-doloc69a.html]
[mediaget.com/news/49-mediaget-201-vydn-dolocf53.html]
[mediaget.com/news/49-mediaget-201-vydn-doloe68f.html]
[mediaget.com/news/49-mediaget-201-vydn-dolo3322.html]
[mediaget.com/news/49-mediaget-201-vydn-dolo2fa9.html]
[mediaget.com/news/49-mediaget-201-vydn-doloe0cd.html]
[mediaget.com/news/49-mediaget-201-vydn-dolo2296.html]
[mediaget.com/news/49-mediaget-201-vydn-dolo923c.html]
[mediaget.com/news/49-mediaget-201-vydn-dolo5e26.html]
[mediaget.com/news/49-mediaget-201-vydn-dolodb38.html]
[mediaget.com/news/49-mediaget-201-vydn-dolo1f03.html]
[mediaget.com/news/50-mediaget-202139.html]
[mediaget.com/news/50-mediaget-209ed2.html]
[mediaget.com/news/50-mediaget-20c69a.html]
[mediaget.com/news/50-mediaget-20cf53.html]
[mediaget.com/news/50-mediaget-20e68f.html]
[mediaget.com/news/50-mediaget-203322.html]
[mediaget.com/news/50-mediaget-202fa9.html]
[mediaget.com/news/50-mediaget-20e0cd.html]
[mediaget.com/news/50-mediaget-202296.html]
[mediaget.com/news/50-mediaget-20923c.html]
[mediaget.com/news/50-mediaget-205e26.html]
[mediaget.com/news/50-mediaget-20db38.html]
[mediaget.com/news/50-mediaget-201f03.html]
[mediaget.com/news/51-nae-webov-strnky-nov-design2139.html]
[mediaget.com/news/51-nae-webov-strnky-nov-design9ed2.html]
[mediaget.com/news/51-nae-webov-strnky-nov-designc69a.html]
[mediaget.com/news/51-nae-webov-strnky-nov-designcf53.html]
[mediaget.com/news/51-nae-webov-strnky-nov-designe68f.html]
[mediaget.com/news/51-nae-webov-strnky-nov-design3322.html]
[mediaget.com/news/51-nae-webov-strnky-nov-design2fa9.html]
[mediaget.com/news/51-nae-webov-strnky-nov-designe0cd.html]
[mediaget.com/news/51-nae-webov-strnky-nov-design2296.html]
[mediaget.com/news/51-nae-webov-strnky-nov-design923c.html]
[mediaget.com/news/51-nae-webov-strnky-nov-design5e26.html]
[mediaget.com/news/51-nae-webov-strnky-nov-designdb38.html]
[mediaget.com/news/51-nae-webov-strnky-nov-design1f03.html]
[mediaget.com/news/52-update-1120772139.html]
[mediaget.com/news/52-update-1120779ed2.html]
[mediaget.com/news/52-update-112077c69a.html]
[mediaget.com/news/52-update-112077cf53.html]
[mediaget.com/news/52-update-112077e68f.html]
[mediaget.com/news/52-update-1120773322.html]
[mediaget.com/news/52-update-1120772fa9.html]
[mediaget.com/news/52-update-112077e0cd.html]
[mediaget.com/news/52-update-1120772296.html]
[mediaget.com/news/52-update-112077923c.html]
[mediaget.com/news/52-update-1120775e26.html]
[mediaget.com/news/52-update-112077db38.html]
[mediaget.com/news/52-update-1120771f03.html]
[mediaget.com/news/112-selamat-kembali2139.html]
[mediaget.com/news/112-selamat-kembali9ed2.html]
[mediaget.com/news/112-selamat-kembalic69a.html]
[mediaget.com/news/112-selamat-kembalicf53.html]
[mediaget.com/news/112-selamat-kembalie68f.html]
[mediaget.com/news/112-selamat-kembali3322.html]
[mediaget.com/news/112-selamat-kembali2fa9.html]
[mediaget.com/news/112-selamat-kembalie0cd.html]
[mediaget.com/news/112-selamat-kembali2296.html]
[mediaget.com/news/112-selamat-kembali923c.html]
[mediaget.com/news/112-selamat-kembali5e26.html]
[mediaget.com/news/112-selamat-kembalidb38.html]
[mediaget.com/news/112-selamat-kembali1f03.html]
[mediaget.com/news/219-teper-nash-sajt-dostupnij-na-ukranskij-mov1f03.html]
[mediaget.com/news/219-teper-nash-sajt-dostupnij-na-ukranskij-mov3322]
[mediaget.com/news/219-teper-nash-sajt-dostupnij-na-ukranskij-movdb38]
[mediaget.com/about1f03.html]
[mediaget.com/about9ed2]
[mediaget.com/aboutcf53]
[mediaget.com/download.php]
[mediaget.com/avastinst]
[mediaget.com/avginst2139.html]
[mediaget.com/avginst9ed2.html]
[mediaget.com/avginstc69a.html]
[mediaget.com/avginstcf53.html]
[mediaget.com/avginste68f.html]
[mediaget.com/avginst3322.html]
[mediaget.com/avginst2fa9.html]
[mediaget.com/avginste0cd.html]
[mediaget.com/avginst2296.html]
[mediaget.com/avginst923c.html]
[mediaget.com/avginst5e26.html]
[mediaget.com/avginstdb38.html]
[mediaget.com/avginst1f03.html]
[mediaget.com/avirainst2139.html]
[mediaget.com/avirainst9ed2.html]
[mediaget.com/avirainstc69a.html]
[mediaget.com/avirainstcf53.html]
[mediaget.com/avirainste68f.html]
[mediaget.com/avirainst3322.html]
[mediaget.com/avirainst2fa9.html]
[mediaget.com/avirainste0cd.html]
[mediaget.com/avirainst2296.html]
[mediaget.com/avirainst923c.html]
[mediaget.com/avirainst5e26.html]
[mediaget.com/avirainstdb38.html]
[mediaget.com/avirainst1f03.html]
[mediaget.com/comodoinst2139.html]
[mediaget.com/comodoinst9ed2.html]
[mediaget.com/comodoinstc69a.html]
[mediaget.com/comodoinstcf53.html]
[mediaget.com/comodoinste68f.html]
[mediaget.com/comodoinst3322.html]
[mediaget.com/comodoinst2fa9.html]
[mediaget.com/comodoinste0cd.html]
[mediaget.com/comodoinst2296.html]
[mediaget.com/comodoinst923c.html]
[mediaget.com/comodoinst5e26.html]
[mediaget.com/comodoinstdb38.html]
[mediaget.com/comodoinst1f03.html]
[mediaget.com/drwebinst2139.html]
[mediaget.com/drwebinst9ed2.html]
[mediaget.com/drwebinstc69a.html]
[mediaget.com/drwebinstcf53.html]
[mediaget.com/drwebinste68f.html]
[mediaget.com/drwebinst3322.html]
[mediaget.com/drwebinst2fa9.html]
[mediaget.com/drwebinste0cd.html]
[mediaget.com/drwebinst2296.html]
[mediaget.com/drwebinst923c.html]
[mediaget.com/drwebinst5e26.html]
[mediaget.com/drwebinstdb38.html]
[mediaget.com/drwebinst1f03.html]
[mediaget.com/nod32inst2139.html]
[mediaget.com/nod32inst9ed2.html]
[mediaget.com/nod32instc69a.html]
[mediaget.com/nod32instcf53.html]
[mediaget.com/nod32inste68f.html]
[mediaget.com/nod32inst3322.html]
[mediaget.com/nod32inst2fa9.html]
[mediaget.com/nod32inste0cd.html]
[mediaget.com/nod32inst2296.html]
[mediaget.com/nod32inst923c.html]
[mediaget.com/nod32inst5e26.html]
[mediaget.com/nod32instdb38.html]
[mediaget.com/nod32inst1f03.html]
[mediaget.com/kisinst2139.html]
[mediaget.com/kisinst9ed2.html]
[mediaget.com/kisinstc69a.html]
[mediaget.com/kisinstcf53.html]
[mediaget.com/kisinste68f.html]
[mediaget.com/kisinst3322.html]
[mediaget.com/kisinst2fa9.html]
[mediaget.com/kisinste0cd.html]
[mediaget.com/kisinst2296.html]
[mediaget.com/kisinst923c.html]
[mediaget.com/kisinst5e26.html]
[mediaget.com/kisinstdb38.html]
[mediaget.com/kisinst1f03.html]
[mediaget.com/mcafeeinst2139.html]
[mediaget.com/mcafeeinst9ed2.html]
[mediaget.com/mcafeeinstc69a.html]
[mediaget.com/mcafeeinstcf53.html]
[mediaget.com/mcafeeinste68f.html]
[mediaget.com/mcafeeinst3322.html]
[mediaget.com/mcafeeinst2fa9.html]
[mediaget.com/mcafeeinste0cd.html]
[mediaget.com/mcafeeinst2296.html]
[mediaget.com/mcafeeinst923c.html]
[mediaget.com/mcafeeinst5e26.html]
[mediaget.com/mcafeeinstdb38.html]
[mediaget.com/mcafeeinst1f03.html]
[mediaget.com/mseinst2139.html]
[mediaget.com/mseinst9ed2.html]
[mediaget.com/mseinstc69a.html]
[mediaget.com/mseinstcf53.html]
[mediaget.com/mseinste68f.html]
[mediaget.com/mseinst3322.html]
[mediaget.com/mseinst2fa9.html]
[mediaget.com/mseinste0cd.html]
[mediaget.com/mseinst2296.html]
[mediaget.com/mseinst923c.html]
[mediaget.com/mseinst5e26.html]
[mediaget.com/mseinstdb38.html]
[mediaget.com/mseinst1f03.html]
[mediaget.com/nortoninst2139.html]
[mediaget.com/nortoninst9ed2.html]
[mediaget.com/nortoninstc69a.html]
[mediaget.com/nortoninstcf53.html]
[mediaget.com/nortoninste68f.html]
[mediaget.com/nortoninst3322.html]
[mediaget.com/nortoninst2fa9.html]
[mediaget.com/nortoninste0cd.html]
[mediaget.com/nortoninst2296.html]
[mediaget.com/nortoninst923c.html]
[mediaget.com/nortoninst5e26.html]
[mediaget.com/nortoninstdb38.html]
[mediaget.com/nortoninst1f03.html]
[mediaget.com/tmtinst2139.html]
[mediaget.com/tmtinst9ed2.html]
[mediaget.com/tmtinstc69a.html]
[mediaget.com/tmtinstcf53.html]
[mediaget.com/tmtinste68f.html]
[mediaget.com/tmtinst3322.html]
[mediaget.com/tmtinst2fa9.html]
[mediaget.com/tmtinste0cd.html]
[mediaget.com/tmtinst2296.html]
[mediaget.com/tmtinst923c.html]
[mediaget.com/tmtinst5e26.html]
[mediaget.com/tmtinstdb38.html]
[mediaget.com/tmtinst1f03.html]
[mediaget.com/zonealarminst2139.html]
[mediaget.com/zonealarminst9ed2.html]
[mediaget.com/zonealarminstc69a.html]
[mediaget.com/zonealarminstcf53.html]
[mediaget.com/zonealarminste68f.html]
[mediaget.com/zonealarminst3322.html]
[mediaget.com/zonealarminst2fa9.html]
[mediaget.com/zonealarminste0cd.html]
[mediaget.com/zonealarminst2296.html]
[mediaget.com/zonealarminst923c.html]
[mediaget.com/zonealarminst5e26.html]
[mediaget.com/zonealarminstdb38.html]
[mediaget.com/zonealarminst1f03.html]
[mediaget.com/patch2139.html]
[mediaget.com/patchcf53.html]
[mediaget.com/patche68f.html]
[mediaget.com/patch3322.html]
[mediaget.com/patch2fa9.html]
[mediaget.com/patch2296.html]
[mediaget.com/patch923c.html]
[mediaget.com/userfiles/images/patches/patch_ukr.jpg]
[mediaget.com/patch0873.html]
[mediaget.com/faqcf53]
[mediaget.com/userfiles/images/patches/rus.jpg]
[mediaget.com/patch1f03]
[mediaget.com/support9ed2]
[mediaget.com/userfiles/images/loc/fr/w5.png]
[mediaget.com/userfiles/images/loc/ae/w0.png]
[mediaget.com/userfiles/images/loc/tr/w2.png]
[mediaget.com/userfiles/images/loc/pt/w5.png]
[mediaget.com/userfiles/images/loc/cn/w1.png]
[mediaget.com/userfiles/images/loc/ua/w4.png]
[mediaget.com/news/70-mediaget-i-antivirusy9ed2]
[mediaget.com/news/97-update-v-20121040873.html]
[mediaget.com/news/96-a-new-version-of-mediaget0873.html]
[mediaget.com/news/92-update-v-20119520873.html]
[mediaget.com/news/58-major-update-20114450873.html]
[mediaget.com/news/242-mediaget--antivrusi0873.html]
[mediaget.com/contacts]
[admin.mediaget.com/userfiles/images/News/taimer.jpg]
[mediaget.com/news/247-tajmer-zagruzok-v-mediaget]
[mediaget.com/news/246-podpiski-v-mediaget0873.html]
[mediaget.com/news/245-izmeneniya-v-razdele-quotpodborki-filmovquot0873.html]
[mediaget.com/news/241-onlajn-serialy-v-mediaget0873.html]
[mediaget.com/news/240-akciya0873.html]
[mediaget.com/userfiles/images/News/interview_pic.jpg]
[mediaget.com/news/218-vyshla-svezhaya-versiya0873.html]
[mediaget.com/news/218-vyshla-svezhaya-versiya3322]
[mediaget.com/news/217-mediaget-v-google-play0873.html]
[mediaget.com/news/33-das-release-von-mediaget-201-hat-stattgefunden0873.html]
[mediaget.com/news/34-mediaget-200873.html]
[mediaget.com/news/34-mediaget-209ed2]
[mediaget.com/news/35-unsere-seite-hat-eine-neue-gestaltung0873.html]
[mediaget.com/news/36-aktualisierung-1120772139.html]
[mediaget.com/news/36-aktualisierung-1120779ed2.html]
[mediaget.com/news/36-aktualisierung-112077c69a.html]
[mediaget.com/news/36-aktualisierung-112077cf53.html]
[mediaget.com/news/36-aktualisierung-112077e68f.html]
[mediaget.com/news/36-aktualisierung-1120772fa9.html]
[mediaget.com/news/36-aktualisierung-112077e0cd.html]
[mediaget.com/news/36-aktualisierung-1120772296.html]
[mediaget.com/news/36-aktualisierung-112077923c.html]
[mediaget.com/news/36-aktualisierung-1120775e26.html]
[mediaget.com/news/36-aktualisierung-112077db38.html]
[mediaget.com/news/36-aktualisierung-1120770873.html]
[mediaget.com/news/45-update-mediaget-2015770873.html]
[mediaget.com/news/47-vydn-mediaget-201-pro-mac0873.html]
[mediaget.com/news/48-oteven-zkouky-doplky-mediaget-pro-android0873.html]
[mediaget.com/news/49-mediaget-201-vydn-dolo0873.html]
[mediaget.com/news/50-mediaget-200873.html]
[mediaget.com/news/51-nae-webov-strnky-nov-design0873.html]
[mediaget.com/news/52-update-1120770873.html]
[mediaget.com/news/112-selamat-kembali0873.html]
[mediaget.com/avastinst2139.html]
[mediaget.com/avastinstcf53.html]
[mediaget.com/avastinst3322.html]
[mediaget.com/avastinst2fa9.html]
[mediaget.com/avastinste0cd.html]
[mediaget.com/avastinst2296.html]
[mediaget.com/avastinst923c.html]
[mediaget.com/avastinst5e26.html]
[mediaget.com/avastinstdb38.html]
[mediaget.com/avastinst1f03.html]
[mediaget.com/avastinst0873.html]
[mediaget.com/avginst0873.html]
[mediaget.com/avirainst0873.html]
[mediaget.com/comodoinst0873.html]
[mediaget.com/drwebinst0873.html]
[mediaget.com/nod32inst0873.html]
[mediaget.com/mcafeeinst0873.html]
[mediaget.com/mseinst0873.html]
[mediaget.com/nortoninst0873.html]
[mediaget.com/tmtinst0873.html]
[mediaget.com/zonealarminst0873.html]
[mediaget.com/http_/ru.wikipedia.org/wiki/BitTorrent&sa=D&sntz=1&usg=AFQjCNF2KYb1L91keFavKlJThTzOMEr5uA]
[mediaget.com/news/97-update-v-20121049ed2]
[mediaget.com/download]
[mediaget.com/news/247-tajmer-zagruzok-v-mediaget2139.html]
[mediaget.com/news/247-tajmer-zagruzok-v-mediaget9ed2.html]
[mediaget.com/news/247-tajmer-zagruzok-v-mediagetc69a.html]
[mediaget.com/news/247-tajmer-zagruzok-v-mediagetcf53.html]
[mediaget.com/news/247-tajmer-zagruzok-v-mediagete68f.html]
[mediaget.com/news/247-tajmer-zagruzok-v-mediaget3322.html]
[mediaget.com/news/247-tajmer-zagruzok-v-mediaget2fa9.html]
[mediaget.com/news/247-tajmer-zagruzok-v-mediagete0cd.html]
[mediaget.com/news/247-tajmer-zagruzok-v-mediaget2296.html]
[mediaget.com/news/247-tajmer-zagruzok-v-mediaget5e26.html]
[mediaget.com/news/247-tajmer-zagruzok-v-mediagetdb38.html]
[mediaget.com/news/247-tajmer-zagruzok-v-mediaget1f03.html]
[mediaget.com/news/36-aktualisierung-1120771f03.html]
[mediaget.com/news/36-aktualisierung-1120773322]
[mediaget.com/avastinst9ed2.html]
[mediaget.com/avastinstc69a]
[mediaget.com/avastinste68f]
[mediaget.com/kisinst0873]
[mediaget.com/patchdb38]
[test.mediaget.com/userfiles/images/patches/eng.jpg]
[test.mediaget.com/userfiles/images/patches/sp.jpg]
[mediaget.com/news/247-tajmer-zagruzok-v-mediaget0873.html]
[mediaget.com/news/247-tajmer-zagruzok-v-mediaget923c]
[test.mediaget.com/userfiles/images/patches/rus.jpg]
[test.mediaget.com/userfiles/images/patches/it.jpg]
[test.mediaget.com/userfiles/images/patches/fr.jpg]
[test.mediaget.com/userfiles/images/patches/de.jpg]
[test.mediaget.com/userfiles/images/patches/tr.jpg]
[test.mediaget.com/userfiles/images/patches/patch-pr.jpg]
